// Jest Snapshot v1, https://goo.gl/fbAQLP

exports[`renders correctly 1`] = `
<react-native-mock>
  Snapshot test!
</react-native-mock>
`;
